2022-10-08 21:15:17.171  INFO 19604 --- [main] c.s.d.DhcSpringbootApplication           : Starting DhcSpringbootApplication on DESKTOP-QGNVUJ9 with PID 19604 (D:\工具\编程\idea\java工作区\dhc_springboot\target\classes started by 02 in D:\工具\编程\idea\java工作区\dhc_springboot)
2022-10-08 21:15:17.173  INFO 19604 --- [main] c.s.d.DhcSpringbootApplication           : No active profile set, falling back to default profiles: default
2022-10-08 21:15:17.218  WARN 19604 --- [background-preinit] o.s.h.c.j.Jackson2ObjectMapperBuilder    : For Jackson Kotlin classes support please add "com.fasterxml.jackson.module:jackson-module-kotlin" to the classpath
2022-10-08 21:15:18.011  INFO 19604 --- [main] o.s.b.w.embedded.tomcat.TomcatWebServer  : Tomcat initialized with port(s): 8002 (http)
2022-10-08 21:15:18.019  INFO 19604 --- [main] o.apache.catalina.core.StandardService   : Starting service [Tomcat]
2022-10-08 21:15:18.019  INFO 19604 --- [main] org.apache.catalina.core.StandardEngine  : Starting Servlet engine: [Apache Tomcat/9.0.41]
2022-10-08 21:15:18.095  INFO 19604 --- [main] o.a.c.c.C.[Tomcat].[localhost].[/]       : Initializing Spring embedded WebApplicationContext
2022-10-08 21:15:18.095  INFO 19604 --- [main] w.s.c.ServletWebServerApplicationContext : Root WebApplicationContext: initialization completed in 884 ms
2022-10-08 21:15:18.199  INFO 19604 --- [main] c.a.d.s.b.a.DruidDataSourceAutoConfigure : Init DruidDataSource
2022-10-08 21:15:18.290  INFO 19604 --- [main] com.alibaba.druid.pool.DruidDataSource   : {dataSource-1} inited
2022-10-08 21:15:18.902  INFO 19604 --- [main] o.s.s.concurrent.ThreadPoolTaskExecutor  : Initializing ExecutorService 'applicationTaskExecutor'
2022-10-08 21:15:19.103  INFO 19604 --- [main] o.s.s.c.ThreadPoolTaskScheduler          : Initializing ExecutorService 'taskScheduler'
2022-10-08 21:15:19.136  INFO 19604 --- [main] o.s.b.w.embedded.tomcat.TomcatWebServer  : Tomcat started on port(s): 8002 (http) with context path ''
2022-10-08 21:15:19.144  INFO 19604 --- [main] c.s.d.DhcSpringbootApplication           : Started DhcSpringbootApplication in 2.317 seconds (JVM running for 2.887)
2022-10-08 21:15:25.237  INFO 19604 --- [SpringContextShutdownHook] o.s.s.c.ThreadPoolTaskScheduler          : Shutting down ExecutorService 'taskScheduler'
2022-10-08 21:15:25.238  INFO 19604 --- [SpringContextShutdownHook] o.s.s.concurrent.ThreadPoolTaskExecutor  : Shutting down ExecutorService 'applicationTaskExecutor'
2022-10-08 21:15:25.238  INFO 19604 --- [SpringContextShutdownHook] com.alibaba.druid.pool.DruidDataSource   : {dataSource-1} closing ...
2022-10-08 21:15:25.239  INFO 19604 --- [SpringContextShutdownHook] com.alibaba.druid.pool.DruidDataSource   : {dataSource-1} closed
2022-10-08 21:16:18.112  INFO 21140 --- [main] c.s.d.DhcSpringbootApplication           : Starting DhcSpringbootApplication on DESKTOP-QGNVUJ9 with PID 21140 (D:\工具\编程\idea\java工作区\dhc_springboot\target\classes started by 02 in D:\工具\编程\idea\java工作区\dhc_springboot)
2022-10-08 21:16:18.114  INFO 21140 --- [main] c.s.d.DhcSpringbootApplication           : No active profile set, falling back to default profiles: default
2022-10-08 21:16:18.151  WARN 21140 --- [background-preinit] o.s.h.c.j.Jackson2ObjectMapperBuilder    : For Jackson Kotlin classes support please add "com.fasterxml.jackson.module:jackson-module-kotlin" to the classpath
2022-10-08 21:16:18.810  INFO 21140 --- [main] o.s.b.w.embedded.tomcat.TomcatWebServer  : Tomcat initialized with port(s): 8002 (http)
2022-10-08 21:16:18.816  INFO 21140 --- [main] o.apache.catalina.core.StandardService   : Starting service [Tomcat]
2022-10-08 21:16:18.816  INFO 21140 --- [main] org.apache.catalina.core.StandardEngine  : Starting Servlet engine: [Apache Tomcat/9.0.41]
2022-10-08 21:16:18.887  INFO 21140 --- [main] o.a.c.c.C.[Tomcat].[localhost].[/]       : Initializing Spring embedded WebApplicationContext
2022-10-08 21:16:18.888  INFO 21140 --- [main] w.s.c.ServletWebServerApplicationContext : Root WebApplicationContext: initialization completed in 746 ms
2022-10-08 21:16:18.982  INFO 21140 --- [main] c.a.d.s.b.a.DruidDataSourceAutoConfigure : Init DruidDataSource
2022-10-08 21:16:19.037  INFO 21140 --- [main] com.alibaba.druid.pool.DruidDataSource   : {dataSource-1} inited
2022-10-08 21:16:19.623  INFO 21140 --- [main] o.s.s.concurrent.ThreadPoolTaskExecutor  : Initializing ExecutorService 'applicationTaskExecutor'
2022-10-08 21:16:19.801  INFO 21140 --- [main] o.s.s.c.ThreadPoolTaskScheduler          : Initializing ExecutorService 'taskScheduler'
2022-10-08 21:16:19.835  INFO 21140 --- [main] o.s.b.w.embedded.tomcat.TomcatWebServer  : Tomcat started on port(s): 8002 (http) with context path ''
2022-10-08 21:16:19.843  INFO 21140 --- [main] c.s.d.DhcSpringbootApplication           : Started DhcSpringbootApplication in 1.995 seconds (JVM running for 2.512)
2022-10-08 21:16:20.001  INFO 21140 --- [scheduling-1] c.s.d.scheduled.ImgScheduled             : 下午2点45分11秒
2022-10-08 21:16:22.001  INFO 21140 --- [scheduling-1] c.s.d.scheduled.ImgScheduled             : 下午2点45分11秒
2022-10-08 21:16:24.001  INFO 21140 --- [scheduling-1] c.s.d.scheduled.ImgScheduled             : 下午2点45分11秒
2022-10-08 21:16:26.001  INFO 21140 --- [scheduling-1] c.s.d.scheduled.ImgScheduled             : 下午2点45分11秒
2022-10-08 21:16:26.637  INFO 21140 --- [SpringContextShutdownHook] o.s.s.c.ThreadPoolTaskScheduler          : Shutting down ExecutorService 'taskScheduler'
2022-10-08 21:16:26.638  INFO 21140 --- [SpringContextShutdownHook] o.s.s.concurrent.ThreadPoolTaskExecutor  : Shutting down ExecutorService 'applicationTaskExecutor'
2022-10-08 21:16:26.639  INFO 21140 --- [SpringContextShutdownHook] com.alibaba.druid.pool.DruidDataSource   : {dataSource-1} closing ...
2022-10-08 21:16:26.639  INFO 21140 --- [SpringContextShutdownHook] com.alibaba.druid.pool.DruidDataSource   : {dataSource-1} closed
2022-10-08 21:29:46.382  INFO 18880 --- [main] c.s.d.DhcSpringbootApplication           : Starting DhcSpringbootApplication on DESKTOP-QGNVUJ9 with PID 18880 (D:\工具\编程\idea\java工作区\dhc_springboot\target\classes started by 02 in D:\工具\编程\idea\java工作区\dhc_springboot)
2022-10-08 21:29:46.384  INFO 18880 --- [main] c.s.d.DhcSpringbootApplication           : No active profile set, falling back to default profiles: default
2022-10-08 21:29:46.418  WARN 18880 --- [background-preinit] o.s.h.c.j.Jackson2ObjectMapperBuilder    : For Jackson Kotlin classes support please add "com.fasterxml.jackson.module:jackson-module-kotlin" to the classpath
2022-10-08 21:29:47.082  INFO 18880 --- [main] o.s.b.w.embedded.tomcat.TomcatWebServer  : Tomcat initialized with port(s): 8002 (http)
2022-10-08 21:29:47.088  INFO 18880 --- [main] o.apache.catalina.core.StandardService   : Starting service [Tomcat]
2022-10-08 21:29:47.089  INFO 18880 --- [main] org.apache.catalina.core.StandardEngine  : Starting Servlet engine: [Apache Tomcat/9.0.41]
2022-10-08 21:29:47.157  INFO 18880 --- [main] o.a.c.c.C.[Tomcat].[localhost].[/]       : Initializing Spring embedded WebApplicationContext
2022-10-08 21:29:47.158  INFO 18880 --- [main] w.s.c.ServletWebServerApplicationContext : Root WebApplicationContext: initialization completed in 747 ms
2022-10-08 21:29:47.250  INFO 18880 --- [main] c.a.d.s.b.a.DruidDataSourceAutoConfigure : Init DruidDataSource
2022-10-08 21:29:47.310  INFO 18880 --- [main] com.alibaba.druid.pool.DruidDataSource   : {dataSource-1} inited
2022-10-08 21:29:47.908  INFO 18880 --- [main] o.s.s.concurrent.ThreadPoolTaskExecutor  : Initializing ExecutorService 'applicationTaskExecutor'
2022-10-08 21:29:48.092  INFO 18880 --- [main] o.s.s.c.ThreadPoolTaskScheduler          : Initializing ExecutorService 'taskScheduler'
2022-10-08 21:29:48.125  INFO 18880 --- [main] o.s.b.w.embedded.tomcat.TomcatWebServer  : Tomcat started on port(s): 8002 (http) with context path ''
2022-10-08 21:29:48.133  INFO 18880 --- [main] c.s.d.DhcSpringbootApplication           : Started DhcSpringbootApplication in 2.018 seconds (JVM running for 2.585)
2022-10-08 21:30:17.904  INFO 18880 --- [http-nio-8002-exec-1] o.a.c.c.C.[Tomcat].[localhost].[/]       : Initializing Spring DispatcherServlet 'dispatcherServlet'
2022-10-08 21:30:17.904  INFO 18880 --- [http-nio-8002-exec-1] o.s.web.servlet.DispatcherServlet        : Initializing Servlet 'dispatcherServlet'
2022-10-08 21:30:17.908  INFO 18880 --- [http-nio-8002-exec-1] o.s.web.servlet.DispatcherServlet        : Completed initialization in 4 ms
2022-10-08 21:30:42.744  WARN 18880 --- [http-nio-8002-exec-4] .w.s.m.s.DefaultHandlerExceptionResolver : Resolved [org.springframework.web.bind.MissingServletRequestParameterException: Required int parameter 'currentPage' is not present]
2022-10-08 21:31:09.180  INFO 18880 --- [SpringContextShutdownHook] o.s.s.c.ThreadPoolTaskScheduler          : Shutting down ExecutorService 'taskScheduler'
2022-10-08 21:31:09.181  INFO 18880 --- [SpringContextShutdownHook] o.s.s.concurrent.ThreadPoolTaskExecutor  : Shutting down ExecutorService 'applicationTaskExecutor'
2022-10-08 21:31:09.182  INFO 18880 --- [SpringContextShutdownHook] com.alibaba.druid.pool.DruidDataSource   : {dataSource-1} closing ...
2022-10-08 21:31:09.184  INFO 18880 --- [SpringContextShutdownHook] com.alibaba.druid.pool.DruidDataSource   : {dataSource-1} closed
2022-10-08 21:31:12.673  INFO 19848 --- [main] c.s.d.DhcSpringbootApplication           : Starting DhcSpringbootApplication on DESKTOP-QGNVUJ9 with PID 19848 (D:\工具\编程\idea\java工作区\dhc_springboot\target\classes started by 02 in D:\工具\编程\idea\java工作区\dhc_springboot)
2022-10-08 21:31:12.675  INFO 19848 --- [main] c.s.d.DhcSpringbootApplication           : No active profile set, falling back to default profiles: default
2022-10-08 21:31:12.710  WARN 19848 --- [background-preinit] o.s.h.c.j.Jackson2ObjectMapperBuilder    : For Jackson Kotlin classes support please add "com.fasterxml.jackson.module:jackson-module-kotlin" to the classpath
2022-10-08 21:31:13.457  INFO 19848 --- [main] o.s.b.w.embedded.tomcat.TomcatWebServer  : Tomcat initialized with port(s): 8002 (http)
2022-10-08 21:31:13.463  INFO 19848 --- [main] o.apache.catalina.core.StandardService   : Starting service [Tomcat]
2022-10-08 21:31:13.464  INFO 19848 --- [main] org.apache.catalina.core.StandardEngine  : Starting Servlet engine: [Apache Tomcat/9.0.41]
2022-10-08 21:31:13.535  INFO 19848 --- [main] o.a.c.c.C.[Tomcat].[localhost].[/]       : Initializing Spring embedded WebApplicationContext
2022-10-08 21:31:13.535  INFO 19848 --- [main] w.s.c.ServletWebServerApplicationContext : Root WebApplicationContext: initialization completed in 832 ms
2022-10-08 21:31:13.628  INFO 19848 --- [main] c.a.d.s.b.a.DruidDataSourceAutoConfigure : Init DruidDataSource
2022-10-08 21:31:13.684  INFO 19848 --- [main] com.alibaba.druid.pool.DruidDataSource   : {dataSource-1} inited
2022-10-08 21:31:14.313  INFO 19848 --- [main] o.s.s.concurrent.ThreadPoolTaskExecutor  : Initializing ExecutorService 'applicationTaskExecutor'
2022-10-08 21:31:14.503  INFO 19848 --- [main] o.s.s.c.ThreadPoolTaskScheduler          : Initializing ExecutorService 'taskScheduler'
2022-10-08 21:31:14.537  INFO 19848 --- [main] o.s.b.w.embedded.tomcat.TomcatWebServer  : Tomcat started on port(s): 8002 (http) with context path ''
2022-10-08 21:31:14.546  INFO 19848 --- [main] c.s.d.DhcSpringbootApplication           : Started DhcSpringbootApplication in 2.144 seconds (JVM running for 2.726)
2022-10-08 21:31:16.157  INFO 19848 --- [http-nio-8002-exec-2] o.a.c.c.C.[Tomcat].[localhost].[/]       : Initializing Spring DispatcherServlet 'dispatcherServlet'
2022-10-08 21:31:16.157  INFO 19848 --- [http-nio-8002-exec-2] o.s.web.servlet.DispatcherServlet        : Initializing Servlet 'dispatcherServlet'
2022-10-08 21:31:16.161  INFO 19848 --- [http-nio-8002-exec-2] o.s.web.servlet.DispatcherServlet        : Completed initialization in 4 ms
2022-10-08 21:43:34.271  INFO 19848 --- [SpringContextShutdownHook] o.s.s.c.ThreadPoolTaskScheduler          : Shutting down ExecutorService 'taskScheduler'
2022-10-08 21:43:34.272  INFO 19848 --- [SpringContextShutdownHook] o.s.s.concurrent.ThreadPoolTaskExecutor  : Shutting down ExecutorService 'applicationTaskExecutor'
2022-10-08 21:43:34.273  INFO 19848 --- [SpringContextShutdownHook] com.alibaba.druid.pool.DruidDataSource   : {dataSource-1} closing ...
2022-10-08 21:43:34.275  INFO 19848 --- [SpringContextShutdownHook] com.alibaba.druid.pool.DruidDataSource   : {dataSource-1} closed
